[2.621s] Invoking command in '/workspace/Practice02/src/task01': PYTHONPATH=/workspace/Practice02/build/task01/prefix_override:/usr/lib/python3/dist-packages/colcon_core/task/python/colcon_distutils_commands:/workspace/Practice02/install/task01/lib/python3.10/site-packages:${PYTHONPATH} /usr/bin/python3 -W ignore:setup.py install is deprecated setup.py egg_info --egg-base ../../build/task01 build --build-base /workspace/Practice02/build/task01/build install --record /workspace/Practice02/build/task01/install.log --single-version-externally-managed install_data
[3.650s] running egg_info
[3.661s] writing ../../build/task01/task01.egg-info/PKG-INFO
[3.670s] writing dependency_links to ../../build/task01/task01.egg-info/dependency_links.txt
[3.678s] writing entry points to ../../build/task01/task01.egg-info/entry_points.txt
[3.683s] writing requirements to ../../build/task01/task01.egg-info/requires.txt
[3.687s] writing top-level names to ../../build/task01/task01.egg-info/top_level.txt
[3.740s] reading manifest file '../../build/task01/task01.egg-info/SOURCES.txt'
[3.845s] writing manifest file '../../build/task01/task01.egg-info/SOURCES.txt'
[3.851s] running build
[3.853s] running build_py
[3.881s] copying task01/receiver.py -> /workspace/Practice02/build/task01/build/lib/task01
[3.943s] copying task01/__init__.py -> /workspace/Practice02/build/task01/build/lib/task01
[3.971s] running install
[3.973s] running install_lib
[4.034s] copying /workspace/Practice02/build/task01/build/lib/task01/receiver.py -> /workspace/Practice02/install/task01/lib/python3.10/site-packages/task01
[4.106s] copying /workspace/Practice02/build/task01/build/lib/task01/__init__.py -> /workspace/Practice02/install/task01/lib/python3.10/site-packages/task01
[4.173s] byte-compiling /workspace/Practice02/install/task01/lib/python3.10/site-packages/task01/receiver.py to receiver.cpython-310.pyc
[4.255s] byte-compiling /workspace/Practice02/install/task01/lib/python3.10/site-packages/task01/__init__.py to __init__.cpython-310.pyc
[4.305s] running install_data
[4.328s] copying resource/task01 -> /workspace/Practice02/install/task01/share/ament_index/resource_index/packages
[4.369s] copying package.xml -> /workspace/Practice02/install/task01/share/task01
[4.408s] copying launch/task01.launch -> /workspace/Practice02/install/task01/share/task01/launch
[4.440s] running install_egg_info
[4.459s] removing '/workspace/Practice02/install/task01/lib/python3.10/site-packages/task01-0.0.0-py3.10.egg-info' (and everything under it)
[4.532s] Copying ../../build/task01/task01.egg-info to /workspace/Practice02/install/task01/lib/python3.10/site-packages/task01-0.0.0-py3.10.egg-info
[4.906s] running install_scripts
[5.019s] Installing receiver script to /workspace/Practice02/install/task01/lib/task01
[5.042s] writing list of installed files to '/workspace/Practice02/build/task01/install.log'
[5.204s] Invoked command in '/workspace/Practice02/src/task01' returned '0': PYTHONPATH=/workspace/Practice02/build/task01/prefix_override:/usr/lib/python3/dist-packages/colcon_core/task/python/colcon_distutils_commands:/workspace/Practice02/install/task01/lib/python3.10/site-packages:${PYTHONPATH} /usr/bin/python3 -W ignore:setup.py install is deprecated setup.py egg_info --egg-base ../../build/task01 build --build-base /workspace/Practice02/build/task01/build install --record /workspace/Practice02/build/task01/install.log --single-version-externally-managed install_data
